../Drivers/STM32L4xx_HAL_Driver/Src/stm32l4xx_hal_flash.c:169:19:HAL_FLASH_Program	32	static
../Drivers/STM32L4xx_HAL_Driver/Src/stm32l4xx_hal_flash.c:251:19:HAL_FLASH_Program_IT	32	static
../Drivers/STM32L4xx_HAL_Driver/Src/stm32l4xx_hal_flash.c:311:6:HAL_FLASH_IRQHandler	24	static
../Drivers/STM32L4xx_HAL_Driver/Src/stm32l4xx_hal_flash.c:454:13:HAL_FLASH_EndOfOperationCallback	16	static
../Drivers/STM32L4xx_HAL_Driver/Src/stm32l4xx_hal_flash.c:472:13:HAL_FLASH_OperationErrorCallback	16	static
../Drivers/STM32L4xx_HAL_Driver/Src/stm32l4xx_hal_flash.c:505:19:HAL_FLASH_Unlock	16	static
../Drivers/STM32L4xx_HAL_Driver/Src/stm32l4xx_hal_flash.c:529:19:HAL_FLASH_Lock	4	static
../Drivers/STM32L4xx_HAL_Driver/Src/stm32l4xx_hal_flash.c:541:19:HAL_FLASH_OB_Unlock	4	static
../Drivers/STM32L4xx_HAL_Driver/Src/stm32l4xx_hal_flash.c:561:19:HAL_FLASH_OB_Lock	4	static
../Drivers/STM32L4xx_HAL_Driver/Src/stm32l4xx_hal_flash.c:573:19:HAL_FLASH_OB_Launch	8	static
../Drivers/STM32L4xx_HAL_Driver/Src/stm32l4xx_hal_flash.c:622:10:HAL_FLASH_GetError	4	static
../Drivers/STM32L4xx_HAL_Driver/Src/stm32l4xx_hal_flash.c:646:19:FLASH_WaitForLastOperation	24	static
../Drivers/STM32L4xx_HAL_Driver/Src/stm32l4xx_hal_flash.c:696:13:FLASH_Program_DoubleWord	24	static,ignoring_inline_asm
../Drivers/STM32L4xx_HAL_Driver/Src/stm32l4xx_hal_flash.c:721:13:FLASH_Program_Fast	40	static,ignoring_inline_asm
