../Drivers/STM32L4xx_HAL_Driver/Src/stm32l4xx_hal_uart.c:327:19:HAL_UART_Init	16	static
../Drivers/STM32L4xx_HAL_Driver/Src/stm32l4xx_hal_uart.c:400:19:HAL_HalfDuplex_Init	16	static
../Drivers/STM32L4xx_HAL_Driver/Src/stm32l4xx_hal_uart.c:473:19:HAL_LIN_Init	16	static
../Drivers/STM32L4xx_HAL_Driver/Src/stm32l4xx_hal_uart.c:570:19:HAL_MultiProcessor_Init	24	static
../Drivers/STM32L4xx_HAL_Driver/Src/stm32l4xx_hal_uart.c:644:19:HAL_UART_DeInit	16	static
../Drivers/STM32L4xx_HAL_Driver/Src/stm32l4xx_hal_uart.c:690:13:HAL_UART_MspInit	16	static
../Drivers/STM32L4xx_HAL_Driver/Src/stm32l4xx_hal_uart.c:705:13:HAL_UART_MspDeInit	16	static
../Drivers/STM32L4xx_HAL_Driver/Src/stm32l4xx_hal_uart.c:1149:19:HAL_UART_Transmit	48	static
../Drivers/STM32L4xx_HAL_Driver/Src/stm32l4xx_hal_uart.c:1238:19:HAL_UART_Receive	48	static
../Drivers/STM32L4xx_HAL_Driver/Src/stm32l4xx_hal_uart.c:1324:19:HAL_UART_Transmit_IT	48	static,ignoring_inline_asm
../Drivers/STM32L4xx_HAL_Driver/Src/stm32l4xx_hal_uart.c:1415:19:HAL_UART_Receive_IT	48	static,ignoring_inline_asm
../Drivers/STM32L4xx_HAL_Driver/Src/stm32l4xx_hal_uart.c:1458:19:HAL_UART_Transmit_DMA	48	static,ignoring_inline_asm
../Drivers/STM32L4xx_HAL_Driver/Src/stm32l4xx_hal_uart.c:1534:19:HAL_UART_Receive_DMA	48	static,ignoring_inline_asm
../Drivers/STM32L4xx_HAL_Driver/Src/stm32l4xx_hal_uart.c:1572:19:HAL_UART_DMAPause	120	static,ignoring_inline_asm
../Drivers/STM32L4xx_HAL_Driver/Src/stm32l4xx_hal_uart.c:1606:19:HAL_UART_DMAResume	112	static,ignoring_inline_asm
../Drivers/STM32L4xx_HAL_Driver/Src/stm32l4xx_hal_uart.c:1641:19:HAL_UART_DMAStop	72	static,ignoring_inline_asm
../Drivers/STM32L4xx_HAL_Driver/Src/stm32l4xx_hal_uart.c:1716:19:HAL_UART_Abort	136	static,ignoring_inline_asm
../Drivers/STM32L4xx_HAL_Driver/Src/stm32l4xx_hal_uart.c:1827:19:HAL_UART_AbortTransmit	64	static,ignoring_inline_asm
../Drivers/STM32L4xx_HAL_Driver/Src/stm32l4xx_hal_uart.c:1893:19:HAL_UART_AbortReceive	112	static,ignoring_inline_asm
../Drivers/STM32L4xx_HAL_Driver/Src/stm32l4xx_hal_uart.c:1967:19:HAL_UART_Abort_IT	144	static,ignoring_inline_asm
../Drivers/STM32L4xx_HAL_Driver/Src/stm32l4xx_hal_uart.c:2127:19:HAL_UART_AbortTransmit_IT	64	static,ignoring_inline_asm
../Drivers/STM32L4xx_HAL_Driver/Src/stm32l4xx_hal_uart.c:2224:19:HAL_UART_AbortReceive_IT	112	static,ignoring_inline_asm
../Drivers/STM32L4xx_HAL_Driver/Src/stm32l4xx_hal_uart.c:2322:6:HAL_UART_IRQHandler	240	static,ignoring_inline_asm
../Drivers/STM32L4xx_HAL_Driver/Src/stm32l4xx_hal_uart.c:2679:13:HAL_UART_TxCpltCallback	16	static
../Drivers/STM32L4xx_HAL_Driver/Src/stm32l4xx_hal_uart.c:2694:13:HAL_UART_TxHalfCpltCallback	16	static
../Drivers/STM32L4xx_HAL_Driver/Src/stm32l4xx_hal_uart.c:2709:13:HAL_UART_RxCpltCallback	16	static
../Drivers/STM32L4xx_HAL_Driver/Src/stm32l4xx_hal_uart.c:2724:13:HAL_UART_RxHalfCpltCallback	16	static
../Drivers/STM32L4xx_HAL_Driver/Src/stm32l4xx_hal_uart.c:2739:13:HAL_UART_ErrorCallback	16	static
../Drivers/STM32L4xx_HAL_Driver/Src/stm32l4xx_hal_uart.c:2754:13:HAL_UART_AbortCpltCallback	16	static
../Drivers/STM32L4xx_HAL_Driver/Src/stm32l4xx_hal_uart.c:2769:13:HAL_UART_AbortTransmitCpltCallback	16	static
../Drivers/STM32L4xx_HAL_Driver/Src/stm32l4xx_hal_uart.c:2784:13:HAL_UART_AbortReceiveCpltCallback	16	static
../Drivers/STM32L4xx_HAL_Driver/Src/stm32l4xx_hal_uart.c:2801:13:HAL_UARTEx_RxEventCallback	16	static
../Drivers/STM32L4xx_HAL_Driver/Src/stm32l4xx_hal_uart.c:2849:6:HAL_UART_ReceiverTimeout_Config	16	static
../Drivers/STM32L4xx_HAL_Driver/Src/stm32l4xx_hal_uart.c:2864:19:HAL_UART_EnableReceiverTimeout	16	static
../Drivers/STM32L4xx_HAL_Driver/Src/stm32l4xx_hal_uart.c:2902:19:HAL_UART_DisableReceiverTimeout	16	static
../Drivers/STM32L4xx_HAL_Driver/Src/stm32l4xx_hal_uart.c:2940:19:HAL_MultiProcessor_EnableMuteMode	40	static,ignoring_inline_asm
../Drivers/STM32L4xx_HAL_Driver/Src/stm32l4xx_hal_uart.c:2960:19:HAL_MultiProcessor_DisableMuteMode	40	static,ignoring_inline_asm
../Drivers/STM32L4xx_HAL_Driver/Src/stm32l4xx_hal_uart.c:2980:6:HAL_MultiProcessor_EnterMuteMode	16	static
../Drivers/STM32L4xx_HAL_Driver/Src/stm32l4xx_hal_uart.c:2990:19:HAL_HalfDuplex_EnableTransmitter	64	static,ignoring_inline_asm
../Drivers/STM32L4xx_HAL_Driver/Src/stm32l4xx_hal_uart.c:3013:19:HAL_HalfDuplex_EnableReceiver	64	static,ignoring_inline_asm
../Drivers/STM32L4xx_HAL_Driver/Src/stm32l4xx_hal_uart.c:3037:19:HAL_LIN_SendBreak	16	static
../Drivers/STM32L4xx_HAL_Driver/Src/stm32l4xx_hal_uart.c:3082:23:HAL_UART_GetState	24	static
../Drivers/STM32L4xx_HAL_Driver/Src/stm32l4xx_hal_uart.c:3098:10:HAL_UART_GetError	16	static
../Drivers/STM32L4xx_HAL_Driver/Src/stm32l4xx_hal_uart.c:3146:19:UART_SetConfig	72	static
../Drivers/STM32L4xx_HAL_Driver/Src/stm32l4xx_hal_uart.c:3401:6:UART_AdvFeatureConfig	16	static
../Drivers/STM32L4xx_HAL_Driver/Src/stm32l4xx_hal_uart.c:3475:19:UART_CheckIdleState	32	static
../Drivers/STM32L4xx_HAL_Driver/Src/stm32l4xx_hal_uart.c:3527:19:UART_WaitOnFlagUntilTimeout	120	static,ignoring_inline_asm
../Drivers/STM32L4xx_HAL_Driver/Src/stm32l4xx_hal_uart.c:3599:19:UART_Start_Receive_IT	96	static,ignoring_inline_asm
../Drivers/STM32L4xx_HAL_Driver/Src/stm32l4xx_hal_uart.c:3699:19:UART_Start_Receive_DMA	96	static,ignoring_inline_asm
../Drivers/STM32L4xx_HAL_Driver/Src/stm32l4xx_hal_uart.c:3759:13:UART_EndTxTransfer	40	static,ignoring_inline_asm
../Drivers/STM32L4xx_HAL_Driver/Src/stm32l4xx_hal_uart.c:3780:13:UART_EndRxTransfer	88	static,ignoring_inline_asm
../Drivers/STM32L4xx_HAL_Driver/Src/stm32l4xx_hal_uart.c:3811:13:UART_DMATransmitCplt	72	static,ignoring_inline_asm
../Drivers/STM32L4xx_HAL_Driver/Src/stm32l4xx_hal_uart.c:3845:13:UART_DMATxHalfCplt	24	static
../Drivers/STM32L4xx_HAL_Driver/Src/stm32l4xx_hal_uart.c:3863:13:UART_DMAReceiveCplt	120	static,ignoring_inline_asm
../Drivers/STM32L4xx_HAL_Driver/Src/stm32l4xx_hal_uart.c:3920:13:UART_DMARxHalfCplt	24	static
../Drivers/STM32L4xx_HAL_Driver/Src/stm32l4xx_hal_uart.c:3954:13:UART_DMAError	32	static
../Drivers/STM32L4xx_HAL_Driver/Src/stm32l4xx_hal_uart.c:3994:13:UART_DMAAbortOnError	24	static
../Drivers/STM32L4xx_HAL_Driver/Src/stm32l4xx_hal_uart.c:4017:13:UART_DMATxAbortCallback	24	static
../Drivers/STM32L4xx_HAL_Driver/Src/stm32l4xx_hal_uart.c:4074:13:UART_DMARxAbortCallback	24	static
../Drivers/STM32L4xx_HAL_Driver/Src/stm32l4xx_hal_uart.c:4126:13:UART_DMATxOnlyAbortCallback	24	static
../Drivers/STM32L4xx_HAL_Driver/Src/stm32l4xx_hal_uart.c:4161:13:UART_DMARxOnlyAbortCallback	24	static
../Drivers/STM32L4xx_HAL_Driver/Src/stm32l4xx_hal_uart.c:4194:13:UART_TxISR_8BIT	64	static,ignoring_inline_asm
../Drivers/STM32L4xx_HAL_Driver/Src/stm32l4xx_hal_uart.c:4227:13:UART_TxISR_16BIT	72	static,ignoring_inline_asm
../Drivers/STM32L4xx_HAL_Driver/Src/stm32l4xx_hal_uart.c:4346:13:UART_EndTransmit_IT	40	static,ignoring_inline_asm
../Drivers/STM32L4xx_HAL_Driver/Src/stm32l4xx_hal_uart.c:4371:13:UART_RxISR_8BIT	96	static,ignoring_inline_asm
../Drivers/STM32L4xx_HAL_Driver/Src/stm32l4xx_hal_uart.c:4452:13:UART_RxISR_16BIT	96	static,ignoring_inline_asm
